// Jest Snapshot v1, https://goo.gl/fbAQLP

exports[`NotAuthorizedView renders correctly 1`] = `
<View
  style={
    {
      "alignItems": "center",
      "flex": 1,
      "justifyContent": "center",
      "paddingHorizontal": 16,
    }
  }
>
  <Text
    style={
      {
        "color": "#FFFFFF",
        "fontFamily": "RedHatDisplayBold",
        "fontSize": 20,
        "lineHeight": 28,
        "marginBottom": 8,
      }
    }
  >
    cameraNotAuthorizedTitle
  </Text>
  <Text
    style={
      {
        "color": "#FFFFFF",
        "fontFamily": "RedHatDisplayRegular",
        "fontSize": 12,
        "lineHeight": 24,
        "marginBottom": 16,
        "textAlign": "center",
      }
    }
  >
    cameraNotAuthorizedDescription
  </Text>
  <View
    accessibilityState={
      {
        "busy": undefined,
        "checked": undefined,
        "disabled": undefined,
        "expanded": undefined,
        "selected": undefined,
      }
    }
    accessibilityValue={
      {
        "max": undefined,
        "min": undefined,
        "now": undefined,
        "text": undefined,
      }
    }
    accessible={true}
    focusable={true}
    nativeBackgroundAndroid={
      {
        "attribute": "selectableItemBackgroundBorderless",
        "rippleRadius": undefined,
        "type": "ThemeAttrAndroid",
      }
    }
    onClick={[Function]}
    onResponderGrant={[Function]}
    onResponderMove={[Function]}
    onResponderRelease={[Function]}
    onResponderTerminate={[Function]}
    onResponderTerminationRequest={[Function]}
    onStartShouldSetResponder={[Function]}
  >
    <Text
      style={
        {
          "color": "#2F4ACD",
          "fontFamily": "RedHatDisplaySemiBold",
          "fontSize": 12,
          "lineHeight": 24,
        }
      }
    >
      cameraSettings
    </Text>
  </View>
</View>
`;
