// Jest Snapshot v1, https://goo.gl/fbAQLP

exports[`CircleButton renders correctly with minimum props 1`] = `
<View
  style={
    [
      {
        "alignItems": "center",
        "flexDirection": "row",
        "justifyContent": "center",
      },
      undefined,
    ]
  }
>
  <View
    accessibilityState={
      {
        "busy": undefined,
        "checked": undefined,
        "disabled": undefined,
        "expanded": undefined,
        "selected": undefined,
      }
    }
    accessibilityValue={
      {
        "max": undefined,
        "min": undefined,
        "now": undefined,
        "text": undefined,
      }
    }
    accessible={true}
    focusable={true}
    hitSlop={
      {
        "bottom": 10,
        "left": 10,
        "right": 10,
        "top": 10,
      }
    }
    onClick={[Function]}
    onResponderGrant={[Function]}
    onResponderMove={[Function]}
    onResponderRelease={[Function]}
    onResponderTerminate={[Function]}
    onResponderTerminationRequest={[Function]}
    onStartShouldSetResponder={[Function]}
    style={
      [
        [
          {
            "alignItems": "center",
            "justifyContent": "center",
          },
          {
            "backgroundColor": "#2F4ACD",
          },
          {
            "borderWidth": 0,
          },
          {
            "borderColor": "#2F4ACD",
            "borderRadius": 25,
            "height": 50,
            "width": 50,
          },
        ],
        {
          "opacity": 1,
        },
      ]
    }
  >
    <svg
      fill="none"
      height={20}
      style={{}}
      viewBox="0 0 27 28"
      width={20}
    >
      <path
        d="M18.3877 10.4533L14.9677 14L18.3877 17.5467C18.8031 17.9631 18.8169 18.6379 18.4154 19.0687C18.0138 19.4995 17.3631 19.5138 16.9477 19.0974C16.9477 19.0974 16.9338 19.0831 16.92 19.0687L13.5 15.5221L10.08 19.0687C9.66461 19.4851 9.01385 19.4708 8.61231 19.04C8.22462 18.6236 8.22462 17.9631 8.61231 17.5467L12.0323 14L8.61231 10.4533C8.21077 10.0369 8.21077 9.34769 8.61231 8.93128C9.01385 8.51487 9.67846 8.51487 10.08 8.93128L13.5 12.4779L16.92 8.93128C17.3077 8.50051 17.9723 8.4718 18.3877 8.87385C18.8031 9.2759 18.8308 9.96513 18.4431 10.3959C18.4292 10.4103 18.4154 10.439 18.3877 10.4533ZM27 9.69231V18.3077C27 23.6636 22.8185 28 17.6538 28H9.34615C4.18154 28 0 23.6636 0 18.3077V9.69231C0 4.33641 4.18154 0 9.34615 0H17.6538C22.8185 0 27 4.33641 27 9.69231ZM24.9231 9.69231C24.9231 5.5282 21.6692 2.15385 17.6538 2.15385H9.34615C5.33077 2.15385 2.07692 5.5282 2.07692 9.69231V18.3077C2.07692 22.4718 5.33077 25.8462 9.34615 25.8462H17.6538C21.6692 25.8462 24.9231 22.4718 24.9231 18.3077V9.69231Z"
        fill="#FFFFFF"
        style={{}}
      />
    </svg>
  </View>
</View>
`;

exports[`CircleButton when given optional props renders correctly 1`] = `
<View
  style={
    [
      {
        "alignItems": "center",
        "flexDirection": "row",
        "justifyContent": "center",
      },
      {
        "flexDirection": "column",
      },
    ]
  }
>
  <View
    accessibilityState={
      {
        "busy": undefined,
        "checked": undefined,
        "disabled": false,
        "expanded": undefined,
        "selected": undefined,
      }
    }
    accessibilityValue={
      {
        "max": undefined,
        "min": undefined,
        "now": undefined,
        "text": undefined,
      }
    }
    accessible={true}
    focusable={true}
    hitSlop={
      {
        "bottom": 10,
        "left": 10,
        "right": 10,
        "top": 10,
      }
    }
    onClick={[Function]}
    onResponderGrant={[Function]}
    onResponderMove={[Function]}
    onResponderRelease={[Function]}
    onResponderTerminate={[Function]}
    onResponderTerminationRequest={[Function]}
    onStartShouldSetResponder={[Function]}
    style={
      [
        [
          {
            "alignItems": "center",
            "justifyContent": "center",
          },
          {
            "backgroundColor": "transparent",
          },
          {
            "borderWidth": 3,
          },
          {
            "borderColor": "#333333",
            "borderRadius": 25,
            "height": 50,
            "width": 50,
          },
        ],
        {
          "opacity": 1,
        },
      ]
    }
  >
    <svg
      fill="none"
      height={20}
      style={{}}
      viewBox="0 0 27 28"
      width={20}
    >
      <path
        d="M18.3877 10.4533L14.9677 14L18.3877 17.5467C18.8031 17.9631 18.8169 18.6379 18.4154 19.0687C18.0138 19.4995 17.3631 19.5138 16.9477 19.0974C16.9477 19.0974 16.9338 19.0831 16.92 19.0687L13.5 15.5221L10.08 19.0687C9.66461 19.4851 9.01385 19.4708 8.61231 19.04C8.22462 18.6236 8.22462 17.9631 8.61231 17.5467L12.0323 14L8.61231 10.4533C8.21077 10.0369 8.21077 9.34769 8.61231 8.93128C9.01385 8.51487 9.67846 8.51487 10.08 8.93128L13.5 12.4779L16.92 8.93128C17.3077 8.50051 17.9723 8.4718 18.3877 8.87385C18.8031 9.2759 18.8308 9.96513 18.4431 10.3959C18.4292 10.4103 18.4154 10.439 18.3877 10.4533ZM27 9.69231V18.3077C27 23.6636 22.8185 28 17.6538 28H9.34615C4.18154 28 0 23.6636 0 18.3077V9.69231C0 4.33641 4.18154 0 9.34615 0H17.6538C22.8185 0 27 4.33641 27 9.69231ZM24.9231 9.69231C24.9231 5.5282 21.6692 2.15385 17.6538 2.15385H9.34615C5.33077 2.15385 2.07692 5.5282 2.07692 9.69231V18.3077C2.07692 22.4718 5.33077 25.8462 9.34615 25.8462H17.6538C21.6692 25.8462 24.9231 22.4718 24.9231 18.3077V9.69231Z"
        fill="#333333"
        style={{}}
      />
    </svg>
  </View>
</View>
`;
