// Jest Snapshot v1, https://goo.gl/fbAQLP

exports[`FullscreenCTA renders correctly 1`] = `
<RNCSafeAreaView
  edges={
    {
      "bottom": "additive",
      "left": "additive",
      "right": "additive",
      "top": "additive",
    }
  }
  style={
    {
      "backgroundColor": "#FFFFFF",
      "flex": 1,
      "height": 1292,
      "justifyContent": "space-between",
      "paddingBottom": 30,
      "paddingHorizontal": 20,
      "paddingTop": 55,
      "width": 750,
    }
  }
>
  <View
    style={
      {
        "alignItems": "center",
        "height": 120,
        "justifyContent": "space-between",
      }
    }
  >
    <Text
      style={
        {
          "fontFamily": "RedHatDisplayBold",
          "fontSize": 24,
          "lineHeight": 32,
        }
      }
    >
      App Update
    </Text>
    <Text
      style={
        {
          "fontFamily": "RedHatDisplayBold",
          "fontSize": 20,
          "lineHeight": 28,
        }
      }
    >
      Please upgrade your app
    </Text>
  </View>
  <View>
    <Text
      ellipsizeMode="tail"
      numberOfLines={10}
      style={
        {
          "backgroundColor": "rgba(238, 238, 238, 0.75)",
          "borderRadius": 25,
          "fontFamily": "RedHatDisplayRegular",
          "fontSize": 12,
          "lineHeight": 24,
          "padding": 15,
        }
      }
    >
      Update your app to make sure you are safe
    </Text>
  </View>
  <View
    style={
      {
        "alignItems": "center",
      }
    }
  >
    <View
      pointerEvents="box-none"
    >
      <View
        pointerEvents="box-none"
        style={
          [
            {
              "borderRadius": 15,
              "flexGrow": 1,
              "width": "100%",
            },
            {},
          ]
        }
      >
        <View
          style={
            [
              {
                "flexDirection": "row",
              },
              undefined,
            ]
          }
        >
          <View
            style={
              [
                {
                  "overflow": "hidden",
                },
                {
                  "borderRadius": 100,
                },
              ]
            }
          >
            <View
              accessibilityState={
                {
                  "busy": undefined,
                  "checked": undefined,
                  "disabled": undefined,
                  "expanded": undefined,
                  "selected": undefined,
                }
              }
              accessibilityValue={
                {
                  "max": undefined,
                  "min": undefined,
                  "now": undefined,
                  "text": undefined,
                }
              }
              accessible={true}
              focusable={true}
              nativeBackgroundAndroid={
                {
                  "attribute": "selectableItemBackground",
                  "rippleRadius": undefined,
                  "type": "ThemeAttrAndroid",
                }
              }
              onClick={[Function]}
              onResponderGrant={[Function]}
              onResponderMove={[Function]}
              onResponderRelease={[Function]}
              onResponderTerminate={[Function]}
              onResponderTerminationRequest={[Function]}
              onStartShouldSetResponder={[Function]}
              style={
                [
                  {
                    "alignItems": "center",
                    "backgroundColor": "#2F4ACD",
                    "flexDirection": "row",
                    "height": 48,
                    "justifyContent": "center",
                    "minWidth": 120,
                    "opacity": 1,
                    "paddingHorizontal": 24,
                    "paddingVertical": 5,
                  },
                  undefined,
                ]
              }
              testID="ErrorContinueButton"
            >
              <View
                style={
                  {
                    "bottom": 0,
                    "left": 0,
                    "position": "absolute",
                    "right": 0,
                    "top": 0,
                  }
                }
              >
                <BVLinearGradient
                  borderRadii={
                    [
                      0,
                      0,
                      0,
                      0,
                      0,
                      0,
                      0,
                      0,
                    ]
                  }
                  colors={
                    [
                      -13677875,
                      -15194777,
                    ]
                  }
                  endPoint={
                    [
                      1,
                      0,
                    ]
                  }
                  locations={null}
                  startPoint={
                    [
                      0,
                      0,
                    ]
                  }
                  style={
                    {
                      "bottom": 0,
                      "left": 0,
                      "position": "absolute",
                      "right": 0,
                      "top": 0,
                    }
                  }
                />
              </View>
              <Text
                maxFontSizeMultiplier={1}
                style={
                  {
                    "color": "#FFFFFF",
                    "fontFamily": "RedHatDisplaySemiBold",
                    "fontSize": 12,
                    "fontWeight": "normal",
                    "lineHeight": 24,
                    "marginLeft": 0,
                    "marginRight": 0,
                  }
                }
              >
                click Here!
              </Text>
            </View>
          </View>
        </View>
      </View>
    </View>
  </View>
</RNCSafeAreaView>
`;
