// Jest Snapshot v1, https://goo.gl/fbAQLP

exports[`renders banner when app is disconnected 1`] = `
<Text
  style={
    [
      {
        "fontFamily": "RedHatDisplayRegular",
        "fontSize": 14,
        "lineHeight": undefined,
        "textAlign": "center",
      },
      {
        "color": "#666666",
      },
      {
        "fontFamily": "RedHatDisplaySemiBold",
        "fontSize": 12,
        "lineHeight": 24,
      },
    ]
  }
  testID="connectingToCeloBanner"
>
  connectingToCelo
</Text>
`;
